<html>
<body>
<pre>
<h1>礦ision Build Log</h1>
<h2>Project:</h2>
C:\Users\on\Desktop\7.3 机械臂 六路了+终端水平+机械数据确定\USER\STM32-DEMO.uvproj
Project File Date:  04/30/2012

<h2>Output:</h2>
Build target 'TIM3-PWM-DEMO'
compiling main.c...
main.c(22): error:  #84: invalid combination of type specifiers
main.c(27): error:  #84: invalid combination of type specifiers
main.c(33): error:  #84: invalid combination of type specifiers
main.c(38): error:  #84: invalid combination of type specifiers
Target not created
Build target 'TIM3-PWM-DEMO'
compiling main.c...
linking...
Program Size: Code=13836 RO-data=636 RW-data=480 ZI-data=624  
FromELF: creating hex file...
"..\Output\STM32-DEMO.axf" - 0 Error(s), 0 Warning(s).
Build target 'TIM3-PWM-DEMO'
compiling main.c...
linking...
Program Size: Code=15464 RO-data=640 RW-data=480 ZI-data=624  
FromELF: creating hex file...
"..\Output\STM32-DEMO.axf" - 0 Error(s), 0 Warning(s).
Build target 'TIM3-PWM-DEMO'
compiling main.c...
linking...
Program Size: Code=15512 RO-data=640 RW-data=480 ZI-data=624  
FromELF: creating hex file...
"..\Output\STM32-DEMO.axf" - 0 Error(s), 0 Warning(s).
Build target 'TIM3-PWM-DEMO'
compiling main.c...
linking...
Program Size: Code=15512 RO-data=640 RW-data=480 ZI-data=624  
FromELF: creating hex file...
"..\Output\STM32-DEMO.axf" - 0 Error(s), 0 Warning(s).
Build target 'TIM3-PWM-DEMO'
compiling main.c...
linking...
Program Size: Code=15512 RO-data=640 RW-data=480 ZI-data=624  
FromELF: creating hex file...
"..\Output\STM32-DEMO.axf" - 0 Error(s), 0 Warning(s).
Build target 'TIM3-PWM-DEMO'
compiling main.c...
linking...
Program Size: Code=14332 RO-data=636 RW-data=480 ZI-data=624  
FromELF: creating hex file...
"..\Output\STM32-DEMO.axf" - 0 Error(s), 0 Warning(s).
Build target 'TIM3-PWM-DEMO'
compiling main.c...
linking...
Program Size: Code=14292 RO-data=636 RW-data=480 ZI-data=624  
FromELF: creating hex file...
"..\Output\STM32-DEMO.axf" - 0 Error(s), 0 Warning(s).
Build target 'TIM3-PWM-DEMO'
compiling main.c...
linking...
Program Size: Code=14612 RO-data=636 RW-data=480 ZI-data=624  
FromELF: creating hex file...
"..\Output\STM32-DEMO.axf" - 0 Error(s), 0 Warning(s).
Build target 'TIM3-PWM-DEMO'
compiling main.c...
linking...
Program Size: Code=14612 RO-data=636 RW-data=480 ZI-data=624  
FromELF: creating hex file...
"..\Output\STM32-DEMO.axf" - 0 Error(s), 0 Warning(s).
Build target 'TIM3-PWM-DEMO'
compiling main.c...
linking...
Program Size: Code=15744 RO-data=640 RW-data=480 ZI-data=624  
FromELF: creating hex file...
"..\Output\STM32-DEMO.axf" - 0 Error(s), 0 Warning(s).
Build target 'TIM3-PWM-DEMO'
compiling main.c...
linking...
Program Size: Code=15708 RO-data=636 RW-data=480 ZI-data=624  
FromELF: creating hex file...
"..\Output\STM32-DEMO.axf" - 0 Error(s), 0 Warning(s).
Build target 'TIM3-PWM-DEMO'
compiling main.c...
linking...
Program Size: Code=15708 RO-data=636 RW-data=480 ZI-data=624  
FromELF: creating hex file...
"..\Output\STM32-DEMO.axf" - 0 Error(s), 0 Warning(s).
Build target 'TIM3-PWM-DEMO'
compiling main.c...
linking...
Program Size: Code=15708 RO-data=636 RW-data=584 ZI-data=624  
FromELF: creating hex file...
"..\Output\STM32-DEMO.axf" - 0 Error(s), 0 Warning(s).
Build target 'TIM3-PWM-DEMO'
compiling main.c...
linking...
Program Size: Code=15676 RO-data=636 RW-data=584 ZI-data=624  
FromELF: creating hex file...
"..\Output\STM32-DEMO.axf" - 0 Error(s), 0 Warning(s).
Build target 'TIM3-PWM-DEMO'
compiling main.c...
linking...
Program Size: Code=15692 RO-data=636 RW-data=584 ZI-data=624  
FromELF: creating hex file...
"..\Output\STM32-DEMO.axf" - 0 Error(s), 0 Warning(s).
Build target 'TIM3-PWM-DEMO'
linking...
Program Size: Code=15692 RO-data=636 RW-data=584 ZI-data=624  
FromELF: creating hex file...
"..\Output\STM32-DEMO.axf" - 0 Error(s), 0 Warning(s).
Build target 'TIM3-PWM-DEMO'
compiling main.c...
linking...
Program Size: Code=15796 RO-data=636 RW-data=584 ZI-data=624  
FromELF: creating hex file...
"..\Output\STM32-DEMO.axf" - 0 Error(s), 0 Warning(s).
Build target 'TIM3-PWM-DEMO'
compiling main.c...
linking...
Program Size: Code=16132 RO-data=636 RW-data=584 ZI-data=624  
FromELF: creating hex file...
"..\Output\STM32-DEMO.axf" - 0 Error(s), 0 Warning(s).
Build target 'TIM3-PWM-DEMO'
compiling main.c...
linking...
Program Size: Code=16380 RO-data=636 RW-data=584 ZI-data=624  
FromELF: creating hex file...
"..\Output\STM32-DEMO.axf" - 0 Error(s), 0 Warning(s).
Build target 'TIM3-PWM-DEMO'
compiling main.c...
linking...
Program Size: Code=16380 RO-data=636 RW-data=584 ZI-data=624  
FromELF: creating hex file...
"..\Output\STM32-DEMO.axf" - 0 Error(s), 0 Warning(s).
Build target 'TIM3-PWM-DEMO'
compiling main.c...
linking...
Program Size: Code=16380 RO-data=636 RW-data=584 ZI-data=624  
FromELF: creating hex file...
"..\Output\STM32-DEMO.axf" - 0 Error(s), 0 Warning(s).
Build target 'TIM3-PWM-DEMO'
compiling main.c...
linking...
Program Size: Code=16380 RO-data=636 RW-data=584 ZI-data=624  
FromELF: creating hex file...
"..\Output\STM32-DEMO.axf" - 0 Error(s), 0 Warning(s).
Build target 'TIM3-PWM-DEMO'
compiling main.c...
linking...
Program Size: Code=16380 RO-data=636 RW-data=584 ZI-data=624  
FromELF: creating hex file...
"..\Output\STM32-DEMO.axf" - 0 Error(s), 0 Warning(s).
Build target 'TIM3-PWM-DEMO'
compiling main.c...
linking...
Program Size: Code=16380 RO-data=636 RW-data=632 ZI-data=624  
FromELF: creating hex file...
"..\Output\STM32-DEMO.axf" - 0 Error(s), 0 Warning(s).
Build target 'TIM3-PWM-DEMO'
compiling main.c...
linking...
Program Size: Code=16388 RO-data=636 RW-data=632 ZI-data=624  
FromELF: creating hex file...
"..\Output\STM32-DEMO.axf" - 0 Error(s), 0 Warning(s).
Build target 'TIM3-PWM-DEMO'
compiling main.c...
linking...
Program Size: Code=16380 RO-data=636 RW-data=632 ZI-data=624  
FromELF: creating hex file...
"..\Output\STM32-DEMO.axf" - 0 Error(s), 0 Warning(s).
Build target 'TIM3-PWM-DEMO'
compiling main.c...
linking...
Program Size: Code=16380 RO-data=636 RW-data=632 ZI-data=624  
FromELF: creating hex file...
"..\Output\STM32-DEMO.axf" - 0 Error(s), 0 Warning(s).
Build target 'TIM3-PWM-DEMO'
compiling main.c...
linking...
Program Size: Code=16380 RO-data=636 RW-data=632 ZI-data=624  
FromELF: creating hex file...
"..\Output\STM32-DEMO.axf" - 0 Error(s), 0 Warning(s).
Build target 'TIM3-PWM-DEMO'
compiling main.c...
linking...
Program Size: Code=16380 RO-data=636 RW-data=632 ZI-data=624  
FromELF: creating hex file...
"..\Output\STM32-DEMO.axf" - 0 Error(s), 0 Warning(s).
Build target 'TIM3-PWM-DEMO'
compiling main.c...
linking...
Program Size: Code=16380 RO-data=636 RW-data=632 ZI-data=624  
FromELF: creating hex file...
"..\Output\STM32-DEMO.axf" - 0 Error(s), 0 Warning(s).
Build target 'TIM3-PWM-DEMO'
compiling main.c...
linking...
Program Size: Code=16372 RO-data=636 RW-data=632 ZI-data=624  
FromELF: creating hex file...
"..\Output\STM32-DEMO.axf" - 0 Error(s), 0 Warning(s).
